[{"txt_massage":"hyhhhh"}]